
     | | | | | | |
   _________________
  -|               |-
  -|               |-
  -|               |-
  -|    CYPRESS    |-
  -|               |-
  -|               |-   Warp VHDL Synthesis Compiler: Version 6.3 IR 35
  -|               |-   Copyright (C) 1991-2001 Cypress Semiconductor
   |_______________|
     | | | | | | |

======================================================================
Compiling:  codigo.vhd
Options:    -m -yu -e10 -w100 -o2 -ygs -fP -v10 -dc22v10 -ppalce22v10-25pc/pi -b codigo.vhd -u primo.hie
======================================================================

vhdlfe V6.3 IR 35:  VHDL parser
Tue Jan 31 09:09:21 2023

Library 'work' => directory 'lc22v10'
Linking 'C:\Archivos de programa\Cypress\Warp\bin\std.vhd'.
Linking 'C:\Archivos de programa\Cypress\Warp\lib\common\cypress.vhd'.
Linking 'C:\Archivos de programa\Cypress\Warp\lib\common\work\cypress.vif'.
Library 'ieee' => directory 'C:\Archivos de programa\Cypress\Warp\lib\ieee\work'
Linking 'C:\Archivos de programa\Cypress\Warp\lib\ieee\work\stdlogic.vif'.
codigo.vhd (line 8, col 7):  (E56) Expected ;, but got NEW IDENTIFIER
Error occurred within 'ARCHITECTURE' at line 7, column 31 in codigo.vhd.
codigo.vhd (line 8, col 7):  (E8) Syntax error:  Can't use '’' (a NEW IDENTIFIER) here.

vhdlfe:  2 errors.
Output file not produced.

